Component: ARM Compiler 5.05 (build 41) Tool: armlink [4d0eb9]

==============================================================================

Section Cross References

    application.o(.text) refers to platform.o(.text) for platform_init
    application.o(.text) refers to emac.o(.text) for lpc17xx_emac_hw_init
    application.o(.text) refers to ethernetif.o(.text) for eth_system_device_init
    application.o(.text) refers to sys_arch.o(.text) for lwip_system_init
    application.o(.text) refers to kservice.o(.text) for rt_kprintf
    application.o(.text) refers to shell.o(.text) for finsh_system_init
    application.o(.text) refers to thread.o(.text) for rt_thread_create
    platform.o(.text) refers to memheap.o(.text) for rt_memheap_init
    platform.o(.text) refers to platform.o(.bss) for _memheap
    startup.o(.text) refers to board.o(.text) for rt_hw_board_init
    startup.o(.text) refers to kservice.o(.text) for rt_show_version
    startup.o(.text) refers to mem.o(.text) for rt_system_heap_init
    startup.o(.text) refers to scheduler.o(.text) for rt_system_scheduler_init
    startup.o(.text) refers to application.o(.text) for rt_application_init
    startup.o(.text) refers to timer.o(.text) for rt_system_timer_init
    startup.o(.text) refers to idle.o(.text) for rt_thread_idle_init
    startup.o(.text) refers to context_rvds.o(.text) for rt_hw_interrupt_disable
    system_lpc17xx.o(.text) refers to system_lpc17xx.o(.data) for SystemCoreClock
    startup_lpc17xx.o(STACK) refers (Special) to heapauxi.o(.text) for __use_two_region_memory
    startup_lpc17xx.o(HEAP) refers (Special) to heapauxi.o(.text) for __use_two_region_memory
    startup_lpc17xx.o(RESET) refers (Special) to heapauxi.o(.text) for __use_two_region_memory
    startup_lpc17xx.o(RESET) refers to startup_lpc17xx.o(STACK) for __initial_sp
    startup_lpc17xx.o(RESET) refers to startup_lpc17xx.o(.text) for Reset_Handler
    startup_lpc17xx.o(RESET) refers to context_rvds.o(.text) for HardFault_Handler
    startup_lpc17xx.o(RESET) refers to board.o(.text) for SysTick_Handler
    startup_lpc17xx.o(RESET) refers to uart.o(.text) for UART0_IRQHandler
    startup_lpc17xx.o(RESET) refers to emac.o(.text) for ENET_IRQHandler
    startup_lpc17xx.o(.ARM.__at_0x02FC) refers (Special) to heapauxi.o(.text) for __use_two_region_memory
    startup_lpc17xx.o(.text) refers (Special) to heapauxi.o(.text) for __use_two_region_memory
    startup_lpc17xx.o(.text) refers to system_lpc17xx.o(.text) for SystemInit
    startup_lpc17xx.o(.text) refers to __main.o(!!!main) for __main
    startup_lpc17xx.o(.text) refers to startup_lpc17xx.o(HEAP) for Heap_Mem
    startup_lpc17xx.o(.text) refers to startup_lpc17xx.o(STACK) for Stack_Mem
    board.o(.text) refers to irq.o(.text) for rt_interrupt_enter
    board.o(.text) refers to clock.o(.text) for rt_tick_increase
    board.o(.text) refers to uart.o(.text) for rt_hw_uart_init
    board.o(.text) refers to kservice.o(.text) for rt_console_set_device
    board.o(.text) refers to system_lpc17xx.o(.data) for SystemCoreClock
    emac.o(.text) refers to irq.o(.text) for rt_interrupt_enter
    emac.o(.text) refers to ethernetif.o(.text) for eth_device_ready
    emac.o(.text) refers to ipc.o(.text) for rt_event_send
    emac.o(.text) refers to kservice.o(.text) for rt_kprintf
    emac.o(.text) refers to emac.o(.bss) for lpc17xx_emac_device
    emac.o(.text) refers to rt_memcpy_v6.o(.text) for __aeabi_memcpy
    emac.o(.text) refers to pbuf.o(.text) for pbuf_alloc
    emac.o(.text) refers to emac.o(.constdata) for __FUNCTION__
    uart.o(.text) refers to context_rvds.o(.text) for rt_hw_interrupt_disable
    uart.o(.text) refers to kservice.o(.text) for rt_kprintf
    uart.o(.text) refers to device.o(.text) for rt_device_register
    uart.o(.text) refers to uart.o(.bss) for uart_device
    uart.o(.text) refers to system_lpc17xx.o(.data) for SystemCoreClock
    uart.o(.text) refers to uart.o(.constdata) for __FUNCTION__
    clock.o(.text) refers to context_rvds.o(.text) for rt_hw_interrupt_disable
    clock.o(.text) refers to thread.o(.text) for rt_thread_self
    clock.o(.text) refers to timer.o(.text) for rt_timer_check
    clock.o(.text) refers to clock.o(.data) for rt_tick
    device.o(.text) refers to thread.o(.text) for rt_thread_self
    device.o(.text) refers to scheduler.o(.text) for rt_enter_critical
    device.o(.text) refers to kservice.o(.text) for rt_strncmp
    device.o(.text) refers to object.o(.text) for rt_object_init
    device.o(.text) refers to object.o(.data) for rt_object_container
    device.o(.text) refers to device.o(.constdata) for __FUNCTION__
    idle.o(.text) refers to context_rvds.o(.text) for rt_hw_interrupt_disable
    idle.o(.text) refers to irq.o(.text) for rt_interrupt_get_nest
    idle.o(.text) refers to kservice.o(.text) for rt_kprintf
    idle.o(.text) refers to object.o(.text) for rt_object_is_systemobject
    idle.o(.text) refers to mem.o(.text) for rt_free
[...]
    rt_device_open                           0x000012dd   Thumb Code   172  device.o(.text)
    rt_device_close                          0x00001389   Thumb Code    86  device.o(.text)
    rt_device_read                           0x000013df   Thumb Code    90  device.o(.text)
    rt_device_write                          0x00001439   Thumb Code    90  device.o(.text)
    rt_device_control                        0x00001493   Thumb Code    60  device.o(.text)
    rt_device_set_rx_indicate                0x000014cf   Thumb Code    44  device.o(.text)
    rt_device_set_tx_complete                0x000014fb   Thumb Code    44  device.o(.text)
    rt_thread_idle_sethook                   0x000015cd   Thumb Code     6  idle.o(.text)
    rt_thread_idle_excute                    0x000015d3   Thumb Code   172  idle.o(.text)
    rt_thread_idle_init                      0x00001693   Thumb Code    38  idle.o(.text)
    rt_sem_init                              0x000017dd   Thumb Code    64  ipc.o(.text)
    rt_sem_detach                            0x0000181d   Thumb Code    52  ipc.o(.text)
    rt_sem_create                            0x00001851   Thumb Code   102  ipc.o(.text)
    rt_sem_delete                            0x000018b7   Thumb Code   114  ipc.o(.text)
    rt_sem_take                              0x00001929   Thumb Code   324  ipc.o(.text)
    rt_sem_trytake                           0x00001a6d   Thumb Code    14  ipc.o(.text)
    rt_sem_release                           0x00001a7b   Thumb Code    80  ipc.o(.text)
    rt_sem_control                           0x00001acb   Thumb Code    86  ipc.o(.text)
    rt_mutex_init                            0x00001b21   Thumb Code    76  ipc.o(.text)
    rt_mutex_detach                          0x00001b6d   Thumb Code    54  ipc.o(.text)
    rt_mutex_create                          0x00001ba3   Thumb Code   328  ipc.o(.text)
    rt_mutex_delete                          0x00001ceb   Thumb Code   124  ipc.o(.text)
    rt_mutex_take                            0x00001d67   Thumb Code   408  ipc.o(.text)
    rt_mutex_release                         0x00001eff   Thumb Code   314  ipc.o(.text)
    rt_mutex_control                         0x00002039   Thumb Code     8  ipc.o(.text)
    rt_event_init                            0x00002041   Thumb Code    66  ipc.o(.text)
    rt_event_detach                          0x00002083   Thumb Code    56  ipc.o(.text)
    rt_event_create                          0x000020bb   Thumb Code   164  ipc.o(.text)
    rt_event_delete                          0x0000215f   Thumb Code   124  ipc.o(.text)
    rt_event_send                            0x000021db   Thumb Code   232  ipc.o(.text)
    rt_event_recv                            0x000022c3   Thumb Code   450  ipc.o(.text)
    rt_event_control                         0x00002485   Thumb Code    86  ipc.o(.text)
    rt_mb_init                               0x000024db   Thumb Code    96  ipc.o(.text)
    rt_mb_detach                             0x0000253b   Thumb Code   120  ipc.o(.text)
    rt_mb_create                             0x000025b3   Thumb Code   148  ipc.o(.text)
    rt_mb_delete                             0x00002647   Thumb Code   138  ipc.o(.text)
    rt_mb_send_wait                          0x000026d1   Thumb Code   444  ipc.o(.text)
    rt_mb_send                               0x0000288d   Thumb Code    18  ipc.o(.text)
    rt_mb_recv                               0x0000289f   Thumb Code   506  ipc.o(.text)
    rt_mb_control                            0x00002a99   Thumb Code    98  ipc.o(.text)
    rt_mq_init                               0x00002afb   Thumb Code   138  ipc.o(.text)
    rt_mq_detach                             0x00002b85   Thumb Code    56  ipc.o(.text)
    rt_mq_delete                             0x00002bbd   Thumb Code   126  ipc.o(.text)
    rt_mq_create                             0x00002c3b   Thumb Code   190  ipc.o(.text)
    rt_mq_send                               0x00002cf9   Thumb Code   254  ipc.o(.text)
    rt_mq_urgent                             0x00002df7   Thumb Code   342  ipc.o(.text)
    rt_mq_recv                               0x00002f4d   Thumb Code   530  ipc.o(.text)
    rt_mq_control                            0x0000315f   Thumb Code   116  ipc.o(.text)
    rt_interrupt_enter                       0x00003229   Thumb Code    30  irq.o(.text)
    rt_interrupt_leave                       0x00003247   Thumb Code    30  irq.o(.text)
    rt_interrupt_get_nest                    0x00003265   Thumb Code     6  irq.o(.text)
    rt_get_errno                             0x00003271   Thumb Code    32  kservice.o(.text)
    rt_set_errno                             0x00003291   Thumb Code    36  kservice.o(.text)
    _rt_errno                                0x000032b5   Thumb Code    30  kservice.o(.text)
    rt_memset                                0x000032d3   Thumb Code    72  kservice.o(.text)
    rt_memcpy                                0x0000331b   Thumb Code   124  kservice.o(.text)
    rt_memmove                               0x00003397   Thumb Code    66  kservice.o(.text)
    rt_memcmp                                0x000033d9   Thumb Code    38  kservice.o(.text)
    rt_strlen                                0x000033ff   Thumb Code    18  kservice.o(.text)
    rt_strstr                                0x00003411   Thumb Code    58  kservice.o(.text)
    rt_strcasecmp                            0x0000344b   Thumb Code    48  kservice.o(.text)
    rt_strncpy                               0x0000347b   Thumb Code    52  kservice.o(.text)
    rt_strncmp                               0x000034af   Thumb Code    40  kservice.o(.text)
    rt_strcmp                                0x000034d7   Thumb Code    28  kservice.o(.text)
    rt_strdup                                0x000034f3   Thumb Code    40  kservice.o(.text)
    rt_hw_console_output                     0x0000351b   Thumb Code     2  kservice.o(.text)
    rt_vsnprintf                             0x000036d3   Thumb Code   800  kservice.o(.text)
    rt_kprintf                               0x000039f3   Thumb Code    96  kservice.o(.text)
    rt_show_version                          0x00003a53   Thumb Code    38  kservice.o(.text)
    rt_snprintf                              0x00003a79   Thumb Code    38  kservice.o(.text)
    rt_vsprintf                              0x00003a9f   Thumb Code    22  kservice.o(.text)
    rt_sprintf                               0x00003ab5   Thumb Code    34  kservice.o(.text)
    rt_console_get_device                    0x00003ad7   Thumb Code     6  kservice.o(.text)
    rt_console_set_device                    0x00003add   Thumb Code    48  kservice.o(.text)
    rt_malloc_align                          0x00003b0d   Thumb Code    66  kservice.o(.text)
    rt_free_align                            0x00003b4f   Thumb Code    16  kservice.o(.text)
    __rt_ffs                                 0x00003b5f   Thumb Code    70  kservice.o(.text)
    rt_malloc_sethook                        0x00003c41   Thumb Code     6  mem.o(.text)
    rt_free_sethook                          0x00003c47   Thumb Code     6  mem.o(.text)
    rt_system_heap_init                      0x00003d23   Thumb Code   222  mem.o(.text)
    rt_malloc                                0x00003e01   Thumb Code   940  mem.o(.text)
    rt_free                                  0x000041ad   Thumb Code   346  mem.o(.text)
    rt_realloc                               0x00004307   Thumb Code   330  mem.o(.text)
    rt_calloc                                0x00004451   Thumb Code    98  mem.o(.text)
    rt_memory_info                           0x000044b3   Thumb Code    26  mem.o(.text)
    list_mem                                 0x000044cd   Thumb Code    34  mem.o(.text)
    rt_memheap_init                          0x000045f5   Thumb Code   192  memheap.o(.text)
    rt_memheap_detach                        0x000046b5   Thumb Code    52  memheap.o(.text)
    rt_memheap_alloc                         0x000046e9   Thumb Code   326  memheap.o(.text)
    rt_memheap_free                          0x0000482f   Thumb Code   284  memheap.o(.text)
    rt_memheap_realloc                       0x0000494b   Thumb Code   786  memheap.o(.text)
    rt_object_attach_sethook                 0x00004cad   Thumb Code     6  object.o(.text)
    rt_object_detach_sethook                 0x00004cb3   Thumb Code     6  object.o(.text)
    rt_object_trytake_sethook                0x00004cb9   Thumb Code     6  object.o(.text)
    rt_object_take_sethook                   0x00004cbf   Thumb Code     6  object.o(.text)
    rt_object_put_sethook                    0x00004cc5   Thumb Code     6  object.o(.text)
    rt_system_object_init                    0x00004ccb   Thumb Code     2  object.o(.text)
    rt_object_get_information                0x00004ccd   Thumb Code    10  object.o(.text)
    rt_object_init                           0x00004cd7   Thumb Code    76  object.o(.text)
    rt_object_detach                         0x00004d23   Thumb Code    74  object.o(.text)
    rt_object_allocate                       0x00004d6d   Thumb Code   150  object.o(.text)
    rt_object_delete                         0x00004e03   Thumb Code   120  object.o(.text)
    rt_object_is_systemobject                0x00004e7b   Thumb Code    52  object.o(.text)
    rt_object_find                           0x00004eaf   Thumb Code   138  object.o(.text)
    rt_scheduler_sethook                     0x00004fed   Thumb Code     6  scheduler.o(.text)
    rt_system_scheduler_init                 0x00005057   Thumb Code    56  scheduler.o(.text)
    rt_system_scheduler_start                0x0000508f   Thumb Code    36  scheduler.o(.text)
    rt_schedule                              0x000050b3   Thumb Code   134  scheduler.o(.text)
    rt_schedule_insert_thread                0x00005139   Thumb Code   100  scheduler.o(.text)
    rt_schedule_remove_thread                0x0000519d   Thumb Code   112  scheduler.o(.text)
    rt_enter_critical                        0x0000520d   Thumb Code    28  scheduler.o(.text)
    rt_exit_critical                         0x00005229   Thumb Code    54  scheduler.o(.text)
    rt_critical_level                        0x0000525f   Thumb Code     8  scheduler.o(.text)
    rt_thread_timeout                        0x0000538d   Thumb Code   102  thread.o(.text)
    rt_thread_init                           0x00005491   Thumb Code   110  thread.o(.text)
    rt_thread_self                           0x000054ff   Thumb Code     6  thread.o(.text)
    rt_thread_resume                         0x00005505   Thumb Code    96  thread.o(.text)
    rt_thread_startup                        0x00005565   Thumb Code   116  thread.o(.text)
    rt_thread_detach                         0x000055d9   Thumb Code    90  thread.o(.text)
    rt_thread_create                         0x00005633   Thumb Code    80  thread.o(.text)
    rt_thread_delete                         0x00005683   Thumb Code    82  thread.o(.text)
    rt_thread_yield                          0x000056d5   Thumb Code   314  thread.o(.text)
    rt_thread_suspend                        0x0000580f   Thumb Code    98  thread.o(.text)
    rt_thread_sleep                          0x00005871   Thumb Code   100  thread.o(.text)
    rt_thread_delay                          0x000058d5   Thumb Code    12  thread.o(.text)
    rt_thread_control                        0x000058e1   Thumb Code   146  thread.o(.text)
    rt_thread_find                           0x00005973   Thumb Code    76  thread.o(.text)
    rt_timer_timeout_sethook                 0x000059e3   Thumb Code     6  timer.o(.text)
    rt_timer_init                            0x00005a75   Thumb Code    76  timer.o(.text)
    rt_timer_detach                          0x00005ac1   Thumb Code    62  timer.o(.text)
    rt_timer_create                          0x00005aff   Thumb Code    54  timer.o(.text)
    rt_timer_delete                          0x00005b35   Thumb Code    64  timer.o(.text)
    rt_timer_start                           0x00005b75   Thumb Code   342  timer.o(.text)
    rt_timer_stop                            0x00005ccb   Thumb Code    98  timer.o(.text)
    rt_timer_control                         0x00005d2d   Thumb Code    94  timer.o(.text)
    rt_timer_check                           0x00005d8b   Thumb Code   282  timer.o(.text)
    rt_timer_next_timeout_tick               0x00005ea5   Thumb Code    10  timer.o(.text)
    rt_system_timer_init                     0x00005eaf   Thumb Code    24  timer.o(.text)
    rt_system_timer_thread_init              0x00005ec7   Thumb Code     2  timer.o(.text)
    rt_hw_stack_init                         0x00005ee5   Thumb Code    70  cpuport.o(.text)
    rt_hw_exception_install                  0x00005f2b   Thumb Code     6  cpuport.o(.text)
    rt_hw_hard_fault_exception               0x0000610f   Thumb Code   198  cpuport.o(.text)
    rt_hw_cpu_shutdown                       0x000061d5   Thumb Code    38  cpuport.o(.text)
    rt_hw_interrupt_disable                  0x000064e9   Thumb Code     8  context_rvds.o(.text)
    rt_hw_interrupt_enable                   0x000064f1   Thumb Code     6  context_rvds.o(.text)
    rt_hw_context_switch                     0x000064f7   Thumb Code    32  context_rvds.o(.text)
    rt_hw_context_switch_interrupt           0x000064f7   Thumb Code     0  context_rvds.o(.text)
    PendSV_Handler                           0x00006517   Thumb Code    60  context_rvds.o(.text)
    rt_hw_context_switch_to                  0x00006553   Thumb Code    56  context_rvds.o(.text)
    rt_hw_interrupt_thread_switch            0x0000658b   Thumb Code     4  context_rvds.o(.text)
    HardFault_Handler                        0x0000658f   Thumb Code    48  context_rvds.o(.text)
    finsh_set_device                         0x0000660d   Thumb Code   142  shell.o(.text)
    finsh_get_device                         0x0000669b   Thumb Code    46  shell.o(.text)
    finsh_set_echo                           0x000066c9   Thumb Code    46  shell.o(.text)
    finsh_get_echo                           0x000066f7   Thumb Code    48  shell.o(.text)
    finsh_run_line                           0x00006743   Thumb Code   150  shell.o(.text)
    finsh_thread_entry                       0x00006895   Thumb Code  1640  shell.o(.text)
    finsh_system_function_init               0x00006efd   Thumb Code    10  shell.o(.text)
    finsh_system_var_init                    0x00006f07   Thumb Code    10  shell.o(.text)
    finsh_system_init                        0x00006f11   Thumb Code   122  shell.o(.text)
    hello                                    0x00006ff5   Thumb Code    12  cmd.o(.text)
    version                                  0x00007001   Thumb Code    10  cmd.o(.text)
    list_thread                              0x000070b7   Thumb Code    10  cmd.o(.text)
    list_sem                                 0x00007155   Thumb Code    12  cmd.o(.text)
    list_event                               0x000071c1   Thumb Code    12  cmd.o(.text)
    list_mutex                               0x0000720f   Thumb Code    12  cmd.o(.text)
    list_mailbox                             0x00007293   Thumb Code    12  cmd.o(.text)
    list_msgqueue                            0x0000730b   Thumb Code    12  cmd.o(.text)
    list_memheap                             0x0000734d   Thumb Code    12  cmd.o(.text)
    list_mempool                             0x000073bf   Thumb Code    12  cmd.o(.text)
    list_timer                               0x000077e7   Thumb Code    10  cmd.o(.text)
    list_device                              0x00007843   Thumb Code    12  cmd.o(.text)
    list                                     0x0000784f   Thumb Code   126  cmd.o(.text)
    list_prefix                              0x0000790f   Thumb Code   434  cmd.o(.text)
    finsh_compiler_run                       0x00009417   Thumb Code    88  finsh_compiler.o(.text)
    finsh_heap_init                          0x00009481   Thumb Code    36  finsh_heap.o(.text)
    finsh_heap_free                          0x000095a5   Thumb Code    34  finsh_heap.o(.text)
    finsh_heap_allocate                      0x00009615   Thumb Code   106  finsh_heap.o(.text)
    finsh_init                               0x00009691   Thumb Code    30  finsh_init.o(.text)
    finsh_stack_bottom                       0x000096af   Thumb Code     6  finsh_init.o(.text)
    finsh_flush                              0x000096b5   Thumb Code    22  finsh_init.o(.text)
    finsh_reset                              0x000096cb   Thumb Code    24  finsh_init.o(.text)
    finsh_node_init                          0x000096e9   Thumb Code    16  finsh_node.o(.text)
    finsh_node_allocate                      0x000096f9   Thumb Code    56  finsh_node.o(.text)
    finsh_node_new_id                        0x00009731   Thumb Code   118  finsh_node.o(.text)
    finsh_node_new_char                      0x000097a7   Thumb Code    30  finsh_node.o(.text)
    finsh_node_new_int                       0x000097c5   Thumb Code    30  finsh_node.o(.text)
    finsh_node_new_long                      0x000097e3   Thumb Code    30  finsh_node.o(.text)
    finsh_node_new_string                    0x00009801   Thumb Code    74  finsh_node.o(.text)
    finsh_node_new_ptr                       0x0000984b   Thumb Code    30  finsh_node.o(.text)
    OP_no_op                                 0x0000986d   Thumb Code     2  finsh_ops.o(.text)
    OP_add_byte                              0x0000986f   Thumb Code    42  finsh_ops.o(.text)
    OP_add_word                              0x00009899   Thumb Code    44  finsh_ops.o(.text)
    OP_add_dword                             0x000098c5   Thumb Code    42  finsh_ops.o(.text)
    OP_sub_byte                              0x000098ef   Thumb Code    42  finsh_ops.o(.text)
    OP_sub_word                              0x00009919   Thumb Code    44  finsh_ops.o(.text)
    OP_sub_dword                             0x00009945   Thumb Code    42  finsh_ops.o(.text)
    OP_div_byte                              0x0000996f   Thumb Code    44  finsh_ops.o(.text)
    OP_div_word                              0x0000999b   Thumb Code    46  finsh_ops.o(.text)
    OP_div_dword                             0x000099c9   Thumb Code    44  finsh_ops.o(.text)
    OP_mod_byte                              0x000099f5   Thumb Code    48  finsh_ops.o(.text)
    OP_mod_word                              0x00009a25   Thumb Code    48  finsh_ops.o(.text)
    OP_mod_dword                             0x00009a55   Thumb Code    48  finsh_ops.o(.text)
    OP_mul_byte                              0x00009a85   Thumb Code    42  finsh_ops.o(.text)
    OP_mul_word                              0x00009aaf   Thumb Code    44  finsh_ops.o(.text)
    OP_mul_dword                             0x00009adb   Thumb Code    42  finsh_ops.o(.text)
    OP_and_byte                              0x00009b05   Thumb Code    42  finsh_ops.o(.text)
    OP_and_word                              0x00009b2f   Thumb Code    42  finsh_ops.o(.text)
    OP_and_dword                             0x00009b59   Thumb Code    42  finsh_ops.o(.text)
    OP_or_byte                               0x00009b83   Thumb Code    42  finsh_ops.o(.text)
    OP_or_word                               0x00009bad   Thumb Code    42  finsh_ops.o(.text)
    OP_or_dword                              0x00009bd7   Thumb Code    42  finsh_ops.o(.text)
    OP_xor_byte                              0x00009c01   Thumb Code    42  finsh_ops.o(.text)
    OP_xor_word                              0x00009c2b   Thumb Code    46  finsh_ops.o(.text)
    OP_xor_dword                             0x00009c59   Thumb Code    42  finsh_ops.o(.text)
    OP_bw_byte                               0x00009c83   Thumb Code    20  finsh_ops.o(.text)
    OP_bw_word                               0x00009c97   Thumb Code    20  finsh_ops.o(.text)
    OP_bw_dword                              0x00009cab   Thumb Code    20  finsh_ops.o(.text)
    OP_shl_byte                              0x00009cbf   Thumb Code    42  finsh_ops.o(.text)
    OP_shl_word                              0x00009ce9   Thumb Code    44  finsh_ops.o(.text)
    OP_shl_dword                             0x00009d15   Thumb Code    42  finsh_ops.o(.text)
    OP_shr_byte                              0x00009d3f   Thumb Code    42  finsh_ops.o(.text)
    OP_shr_word                              0x00009d69   Thumb Code    42  finsh_ops.o(.text)
    OP_shr_dword                             0x00009d93   Thumb Code    42  finsh_ops.o(.text)
    OP_ld_byte                               0x00009dbd   Thumb Code    34  finsh_ops.o(.text)
    OP_ld_word                               0x00009ddf   Thumb Code    46  finsh_ops.o(.text)
    OP_ld_dword                              0x00009e0d   Thumb Code    64  finsh_ops.o(.text)
    OP_ld_value_byte                         0x00009e4d   Thumb Code    66  finsh_ops.o(.text)
    OP_ld_value_byte_stack                   0x00009e8f   Thumb Code    20  finsh_ops.o(.text)
    OP_ld_value_word                         0x00009ea3   Thumb Code    66  finsh_ops.o(.text)
    OP_ld_value_word_stack                   0x00009ee5   Thumb Code    20  finsh_ops.o(.text)
    OP_ld_value_dword                        0x00009ef9   Thumb Code    66  finsh_ops.o(.text)
    OP_ld_value_dword_stack                  0x00009f3b   Thumb Code    20  finsh_ops.o(.text)
    OP_st_byte                               0x00009f4f   Thumb Code    30  finsh_ops.o(.text)
    OP_st_word                               0x00009f6d   Thumb Code    30  finsh_ops.o(.text)
    OP_st_dword                              0x00009f8b   Thumb Code    30  finsh_ops.o(.text)
    OP_pop                                   0x00009fa9   Thumb Code    12  finsh_ops.o(.text)
    OP_call                                  0x00009fb5   Thumb Code   906  finsh_ops.o(.text)
    finsh_parser_run                         0x0000abd5   Thumb Code   220  finsh_parser.o(.text)
    finsh_parser_init                        0x0000acb1   Thumb Code    16  finsh_parser.o(.text)
    finsh_var_init                           0x0000acc1   Thumb Code    14  finsh_var.o(.text)
    finsh_var_insert                         0x0000accf   Thumb Code   114  finsh_var.o(.text)
    finsh_var_delete                         0x0000ad41   Thumb Code    68  finsh_var.o(.text)
    finsh_var_lookup                         0x0000ad85   Thumb Code    58  finsh_var.o(.text)
    finsh_sysvar_append                      0x0000adbf   Thumb Code    62  finsh_var.o(.text)
    finsh_sysvar_lookup                      0x0000adfd   Thumb Code    78  finsh_var.o(.text)
    finsh_vm_run                             0x0000ae5d   Thumb Code    62  finsh_vm.o(.text)
    finsh_syscall_append                     0x0000ae9b   Thumb Code    54  finsh_vm.o(.text)
    finsh_syscall_lookup                     0x0000aed1   Thumb Code    78  finsh_vm.o(.text)
    finsh_token_init                         0x0000af41   Thumb Code    20  finsh_token.o(.text)
    token_get_string                         0x0000b331   Thumb Code   120  finsh_token.o(.text)
    finsh_token_token                        0x0000b569   Thumb Code    24  finsh_token.o(.text)
    finsh_token_get_token                    0x0000b581   Thumb Code    20  finsh_token.o(.text)
    netconn_new_with_proto_and_callback      0x0000b599   Thumb Code   200  api_lib.o(.text)
    netconn_delete                           0x0000b661   Thumb Code    36  api_lib.o(.text)
    netconn_getaddr                          0x0000b685   Thumb Code   162  api_lib.o(.text)
    netconn_bind                             0x0000b727   Thumb Code    98  api_lib.o(.text)
    netconn_connect                          0x0000b789   Thumb Code    98  api_lib.o(.text)
    netconn_disconnect                       0x0000b7eb   Thumb Code    84  api_lib.o(.text)
    netconn_listen_with_backlog              0x0000b83f   Thumb Code    86  api_lib.o(.text)
    netconn_accept                           0x0000b895   Thumb Code   242  api_lib.o(.text)
    netconn_recv_tcp_pbuf                    0x0000bcd1   Thumb Code    54  api_lib.o(.text)
    netconn_recv                             0x0000bd07   Thumb Code   256  api_lib.o(.text)
    netconn_recved                           0x0000be07   Thumb Code    46  api_lib.o(.text)
    netconn_send                             0x0000be35   Thumb Code    90  api_lib.o(.text)
    netconn_sendto                           0x0000be8f   Thumb Code    44  api_lib.o(.text)
    netconn_write_partly                     0x0000bebb   Thumb Code   456  api_lib.o(.text)
    netconn_close                            0x0000c0df   Thumb Code    14  api_lib.o(.text)
    netconn_shutdown                         0x0000c0ed   Thumb Code    36  api_lib.o(.text)
    netconn_gethostbyname                    0x0000c111   Thumb Code   138  api_lib.o(.text)
    netconn_free                             0x0000cbcf   Thumb Code   324  api_msg.o(.text)
    netconn_alloc                            0x0000cd13   Thumb Code   172  api_msg.o(.text)
    do_newconn                               0x0000cf15   Thumb Code    32  api_msg.o(.text)
    do_delconn                               0x0000cffd   Thumb Code   632  api_msg.o(.text)
    do_bind                                  0x0000d275   Thumb Code   116  api_msg.o(.text)
    do_connect                               0x0000d3b5   Thumb Code   228  api_msg.o(.text)
    do_disconnect                            0x0000d499   Thumb Code    46  api_msg.o(.text)
    do_listen                                0x0000d4c7   Thumb Code   396  api_msg.o(.text)
    do_send                                  0x0000d653   Thumb Code   166  api_msg.o(.text)
    do_recv                                  0x0000d6f9   Thumb Code    72  api_msg.o(.text)
    do_write                                 0x0000d741   Thumb Code   166  api_msg.o(.text)
    do_getaddr                               0x0000d7e7   Thumb Code   198  api_msg.o(.text)
    do_close                                 0x0000d8ad   Thumb Code   182  api_msg.o(.text)
    do_gethostbyname                         0x0000d9b1   Thumb Code    40  api_msg.o(.text)
    netbuf_new                               0x0000da31   Thumb Code    30  netbuf.o(.text)
    netbuf_delete                            0x0000da4f   Thumb Code    32  netbuf.o(.text)
    netbuf_alloc                             0x0000da6f   Thumb Code   104  netbuf.o(.text)
    netbuf_free                              0x0000dad7   Thumb Code    50  netbuf.o(.text)
    netbuf_ref                               0x0000db09   Thumb Code    92  netbuf.o(.text)
    netbuf_chain                             0x0000db65   Thumb Code    82  netbuf.o(.text)
    netbuf_data                              0x0000dbb7   Thumb Code   124  netbuf.o(.text)
    netbuf_next                              0x0000dc33   Thumb Code    66  netbuf.o(.text)
    netbuf_first                             0x0000dc75   Thumb Code    38  netbuf.o(.text)
    do_netifapi_netif_add                    0x0000dda5   Thumb Code    46  netifapi.o(.text)
    do_netifapi_netif_set_addr               0x0000ddd3   Thumb Code    26  netifapi.o(.text)
    do_netifapi_netif_common                 0x0000dded   Thumb Code    36  netifapi.o(.text)
    netifapi_netif_add                       0x0000de11   Thumb Code    64  netifapi.o(.text)
    netifapi_netif_set_addr                  0x0000de51   Thumb Code    40  netifapi.o(.text)
    netifapi_netif_common                    0x0000de79   Thumb Code    36  netifapi.o(.text)
    lwip_socket_init                         0x0000de9d   Thumb Code     2  sockets.o(.text)
    lwip_accept                              0x0000e155   Thumb Code   606  sockets.o(.text)
    lwip_bind                                0x0000e3b3   Thumb Code   186  sockets.o(.text)
    lwip_close                               0x0000e46d   Thumb Code    96  sockets.o(.text)
    lwip_connect                             0x0000e4cd   Thumb Code   202  sockets.o(.text)
    lwip_listen                              0x0000e597   Thumb Code   154  sockets.o(.text)
    lwip_recvfrom                            0x0000e631   Thumb Code   806  sockets.o(.text)
    lwip_read                                0x0000e957   Thumb Code    28  sockets.o(.text)
    lwip_recv                                0x0000e973   Thumb Code    34  sockets.o(.text)
    lwip_sendto                              0x0000e995   Thumb Code   276  sockets.o(.text)
    lwip_send                                0x0000eaa9   Thumb Code   156  sockets.o(.text)
    lwip_socket                              0x0000eb45   Thumb Code   308  sockets.o(.text)
    lwip_write                               0x0000ec79   Thumb Code    22  sockets.o(.text)
    lwip_select                              0x0000edfd   Thumb Code   846  sockets.o(.text)
    lwip_shutdown                            0x0000f14b   Thumb Code   334  sockets.o(.text)
    lwip_getpeername                         0x0000f317   Thumb Code    22  sockets.o(.text)
    lwip_getsockname                         0x0000f32d   Thumb Code    22  sockets.o(.text)
    lwip_getsockopt                          0x0000f525   Thumb Code   428  sockets.o(.text)
    lwip_setsockopt                          0x0000f881   Thumb Code   336  sockets.o(.text)
    lwip_ioctl                               0x0000f9d1   Thumb Code   126  sockets.o(.text)
    lwip_fcntl                               0x0000fa4f   Thumb Code   134  sockets.o(.text)
    tcpip_input                              0x0000fbb3   Thumb Code    72  tcpip.o(.text)
    tcpip_callback_with_block                0x0000fbfb   Thumb Code    90  tcpip.o(.text)
    tcpip_timeout                            0x0000fc55   Thumb Code    64  tcpip.o(.text)
    tcpip_untimeout                          0x0000fc95   Thumb Code    56  tcpip.o(.text)
    tcpip_apimsg                             0x0000fccd   Thumb Code    56  tcpip.o(.text)
    tcpip_netifapi                           0x0000fd05   Thumb Code    76  tcpip.o(.text)
    tcpip_callbackmsg_new                    0x0000fd51   Thumb Code    32  tcpip.o(.text)
    tcpip_callbackmsg_delete                 0x0000fd71   Thumb Code    14  tcpip.o(.text)
    tcpip_trycallback                        0x0000fd7f   Thumb Code    28  tcpip.o(.text)
    tcpip_init                               0x0000fd9b   Thumb Code    72  tcpip.o(.text)
    pbuf_free_callback                       0x0000fdf1   Thumb Code    16  tcpip.o(.text)
    mem_free_callback                        0x0000fe01   Thumb Code    16  tcpip.o(.text)
    sys_arch_assert                          0x0000fea3   Thumb Code    54  sys_arch.o(.text)
    lwip_system_init                         0x0000ff6f   Thumb Code   146  sys_arch.o(.text)
    sys_init                                 0x00010001   Thumb Code     2  sys_arch.o(.text)
    lwip_sys_init                            0x00010003   Thumb Code     8  sys_arch.o(.text)
    sys_sem_new                              0x0001000b   Thumb Code   118  sys_arch.o(.text)
    sys_sem_free                             0x00010081   Thumb Code    70  sys_arch.o(.text)
    sys_sem_signal                           0x000100c7   Thumb Code    12  sys_arch.o(.text)
    sys_arch_sem_wait                        0x000100d3   Thumb Code   142  sys_arch.o(.text)
    sys_sem_valid                            0x00010161   Thumb Code     6  sys_arch.o(.text)
    sys_sem_set_invalid                      0x00010167   Thumb Code     6  sys_arch.o(.text)
    sys_mutex_new                            0x0001016d   Thumb Code   116  sys_arch.o(.text)
    sys_mutex_lock                           0x000101e1   Thumb Code    76  sys_arch.o(.text)
    sys_mutex_unlock                         0x0001022d   Thumb Code    12  sys_arch.o(.text)
    sys_mutex_free                           0x00010239   Thumb Code   344  sys_arch.o(.text)
    sys_mutex_valid                          0x00010391   Thumb Code     6  sys_arch.o(.text)
    sys_mutex_set_invalid                    0x00010397   Thumb Code     6  sys_arch.o(.text)
    sys_mbox_new                             0x0001039d   Thumb Code   128  sys_arch.o(.text)
    sys_mbox_free                            0x0001041d   Thumb Code    78  sys_arch.o(.text)
    sys_mbox_post                            0x0001046b   Thumb Code    86  sys_arch.o(.text)
    sys_mbox_trypost                         0x000104c1   Thumb Code    26  sys_arch.o(.text)
    sys_arch_mbox_fetch                      0x000104db   Thumb Code   176  sys_arch.o(.text)
    sys_arch_mbox_tryfetch                   0x0001058b   Thumb Code    36  sys_arch.o(.text)
    sys_mbox_valid                           0x000105af   Thumb Code     6  sys_arch.o(.text)
    sys_mbox_set_invalid                     0x000105b5   Thumb Code     6  sys_arch.o(.text)
    sys_thread_new                           0x000105bb   Thumb Code   152  sys_arch.o(.text)
    sys_arch_protect                         0x00010653   Thumb Code    12  sys_arch.o(.text)
    sys_arch_unprotect                       0x0001065f   Thumb Code    12  sys_arch.o(.text)
    sys_jiffies                              0x0001066b   Thumb Code     8  sys_arch.o(.text)
    sys_now                                  0x00010673   Thumb Code    14  sys_arch.o(.text)
    lwip_htons                               0x000106d5   Thumb Code    12  def.o(.text)
    lwip_ntohs                               0x000106e1   Thumb Code    12  def.o(.text)
    lwip_htonl                               0x000106ed   Thumb Code    26  def.o(.text)
    lwip_ntohl                               0x00010707   Thumb Code    12  def.o(.text)
    dns_setserver                            0x00010715   Thumb Code    28  dns.o(.text)
    dns_init                                 0x000108f3   Thumb Code    78  dns.o(.text)
    dns_getserver                            0x00010941   Thumb Code    20  dns.o(.text)
    dns_tmr                                  0x00010c67   Thumb Code    14  dns.o(.text)
    dns_gethostbyname                        0x00010da5   Thumb Code    86  dns.o(.text)
    lwip_init                                0x00010e31   Thumb Code    36  init.o(.text)
    memp_init                                0x00010e55   Thumb Code    82  memp.o(.text)
    memp_malloc                              0x00010ea7   Thumb Code   100  memp.o(.text)
    memp_free                                0x00010f0b   Thumb Code    76  memp.o(.text)
    netif_init                               0x00010fd1   Thumb Code     2  netif.o(.text)
    netif_set_gw                             0x00010fd3   Thumb Code    12  netif.o(.text)
    netif_set_netmask                        0x00010fdf   Thumb Code    12  netif.o(.text)
    netif_set_ipaddr                         0x00010feb   Thumb Code   110  netif.o(.text)
    netif_set_addr                           0x00011059   Thumb Code    40  netif.o(.text)
    netif_add                                0x00011081   Thumb Code   120  netif.o(.text)
    netif_set_default                        0x000110f9   Thumb Code     6  netif.o(.text)
    netif_set_down                           0x000110ff   Thumb Code    42  netif.o(.text)
    netif_remove                             0x00011129   Thumb Code    90  netif.o(.text)
    netif_find                               0x00011183   Thumb Code    64  netif.o(.text)
    netif_set_up                             0x000111c3   Thumb Code    54  netif.o(.text)
    netif_set_link_up                        0x000111f9   Thumb Code    54  netif.o(.text)
    netif_set_link_down                      0x0001122f   Thumb Code    24  netif.o(.text)
    pbuf_free                                0x000112f5   Thumb Code   212  pbuf.o(.text)
    pbuf_alloc                               0x000113c9   Thumb Code  1064  pbuf.o(.text)
    pbuf_realloc                             0x000117f1   Thumb Code   242  pbuf.o(.text)
    pbuf_header                              0x000118e3   Thumb Code   200  pbuf.o(.text)
    pbuf_clen                                0x000119ab   Thumb Code    18  pbuf.o(.text)
    pbuf_ref                                 0x000119bd   Thumb Code    26  pbuf.o(.text)
    pbuf_cat                                 0x000119d7   Thumb Code   130  pbuf.o(.text)
    pbuf_chain                               0x00011a59   Thumb Code    22  pbuf.o(.text)
    pbuf_dechain                             0x00011a6f   Thumb Code   116  pbuf.o(.text)
    pbuf_copy                                0x00011ae3   Thumb Code   806  pbuf.o(.text)
    pbuf_copy_partial                        0x00011e09   Thumb Code   186  pbuf.o(.text)
    pbuf_take                                0x00011ec3   Thumb Code   202  pbuf.o(.text)
    pbuf_coalesce                            0x00011f8d   Thumb Code    82  pbuf.o(.text)
    pbuf_get_at                              0x00011fdf   Thumb Code    46  pbuf.o(.text)
    pbuf_memcmp                              0x0001200d   Thumb Code    96  pbuf.o(.text)
    pbuf_memfind                             0x0001206d   Thumb Code    76  pbuf.o(.text)
    pbuf_strstr                              0x000120b9   Thumb Code    60  pbuf.o(.text)
    raw_input                                0x000121e1   Thumb Code   102  raw.o(.text)
    raw_bind                                 0x00012247   Thumb Code    16  raw.o(.text)
    raw_connect                              0x00012257   Thumb Code    16  raw.o(.text)
    raw_recv                                 0x00012267   Thumb Code     6  raw.o(.text)
    raw_sendto                               0x0001226d   Thumb Code   176  raw.o(.text)
    raw_send                                 0x0001231d   Thumb Code    18  raw.o(.text)
    raw_remove                               0x0001232f   Thumb Code    60  raw.o(.text)
    raw_new                                  0x0001236b   Thumb Code    42  raw.o(.text)
    tcp_init                                 0x000123cd   Thumb Code     2  tcp.o(.text)
    tcp_seg_free                             0x000123cf   Thumb Code    26  tcp.o(.text)
    tcp_segs_free                            0x000123e9   Thumb Code    24  tcp.o(.text)
    tcp_pcb_purge                            0x00012401   Thumb Code    72  tcp.o(.text)
    tcp_slowtmr                              0x00012449   Thumb Code  1390  tcp.o(.text)
    tcp_pcb_remove                           0x000129b7   Thumb Code   216  tcp.o(.text)
    tcp_close                                0x00012c57   Thumb Code    28  tcp.o(.text)
    tcp_update_rcv_ann_wnd                   0x00012c73   Thumb Code   104  tcp.o(.text)
    tcp_recved                               0x00012cdb   Thumb Code   402  tcp.o(.text)
    tcp_recv_null                            0x00012e6d   Thumb Code    46  tcp.o(.text)
    tcp_process_refused_data                 0x00012e9b   Thumb Code   142  tcp.o(.text)
    tcp_fasttmr                              0x00012f29   Thumb Code   110  tcp.o(.text)
    tcp_tmr                                  0x00012f97   Thumb Code    30  tcp.o(.text)
    tcp_shutdown                             0x00012fb5   Thumb Code    98  tcp.o(.text)
    tcp_abandon                              0x00013017   Thumb Code   172  tcp.o(.text)
    tcp_abort                                0x000130c3   Thumb Code    14  tcp.o(.text)
    tcp_bind                                 0x00013131   Thumb Code   162  tcp.o(.text)
    tcp_listen_with_backlog                  0x000131db   Thumb Code   218  tcp.o(.text)
    tcp_eff_send_mss                         0x000132b5   Thumb Code    46  tcp.o(.text)
    tcp_next_iss                             0x000132e3   Thumb Code    20  tcp.o(.text)
    tcp_connect                              0x000132f7   Thumb Code   534  tcp.o(.text)
    tcp_setprio                              0x0001350d   Thumb Code     4  tcp.o(.text)
    tcp_seg_copy                             0x00013511   Thumb Code    36  tcp.o(.text)
    tcp_alloc                                0x000135b3   Thumb Code   174  tcp.o(.text)
    tcp_new                                  0x00013661   Thumb Code    10  tcp.o(.text)
    tcp_arg                                  0x0001366b   Thumb Code     4  tcp.o(.text)
    tcp_recv                                 0x0001366f   Thumb Code    42  tcp.o(.text)
    tcp_sent                                 0x00013699   Thumb Code    40  tcp.o(.text)
    tcp_err                                  0x000136c1   Thumb Code    42  tcp.o(.text)
    tcp_accept                               0x000136eb   Thumb Code     4  tcp.o(.text)
    tcp_poll                                 0x000136ef   Thumb Code    48  tcp.o(.text)
    tcp_debug_state_str                      0x0001371f   Thumb Code    10  tcp.o(.text)
    tcp_input                                0x00014e49   Thumb Code  1610  tcp_in.o(.text)
    tcp_enqueue_flags                        0x000155ff   Thumb Code   406  tcp_out.o(.text)
    tcp_send_fin                             0x00015795   Thumb Code    74  tcp_out.o(.text)
    tcp_write                                0x00015a11   Thumb Code  1548  tcp_out.o(.text)
    tcp_send_empty_ack                       0x0001601d   Thumb Code    96  tcp_out.o(.text)
    tcp_output                               0x0001615d   Thumb Code   666  tcp_out.o(.text)
    tcp_rst                                  0x000163f7   Thumb Code   168  tcp_out.o(.text)
    tcp_rexmit_rto                           0x0001649f   Thumb Code    58  tcp_out.o(.text)
    tcp_rexmit                               0x000164d9   Thumb Code    90  tcp_out.o(.text)
    tcp_rexmit_fast                          0x00016533   Thumb Code   112  tcp_out.o(.text)
    tcp_keepalive                            0x000165a3   Thumb Code    86  tcp_out.o(.text)
    tcp_zero_window_probe                    0x000165f9   Thumb Code   182  tcp_out.o(.text)
    sys_timeout                              0x000166b5   Thumb Code   174  timers.o(.text)
    tcp_timer_needed                         0x0001678b   Thumb Code    38  timers.o(.text)
    sys_timeouts_init                        0x000167dd   Thumb Code    28  timers.o(.text)
    sys_untimeout                            0x000167f9   Thumb Code    90  timers.o(.text)
    sys_timeouts_mbox_fetch                  0x00016853   Thumb Code   132  timers.o(.text)
    udp_init                                 0x00016939   Thumb Code     2  udp.o(.text)
    udp_input                                0x0001698b   Thumb Code   470  udp.o(.text)
    udp_bind                                 0x00016b61   Thumb Code   148  udp.o(.text)
    udp_sendto_if                            0x00016bf5   Thumb Code   272  udp.o(.text)
    udp_sendto                               0x00016d05   Thumb Code   170  udp.o(.text)
    udp_send                                 0x00016daf   Thumb Code    20  udp.o(.text)
    udp_connect                              0x00016dc3   Thumb Code    94  udp.o(.text)
    udp_disconnect                           0x00016e21   Thumb Code    16  udp.o(.text)
    udp_recv                                 0x00016e31   Thumb Code     6  udp.o(.text)
    udp_remove                               0x00016e37   Thumb Code    60  udp.o(.text)
    udp_new                                  0x00016e73   Thumb Code    28  udp.o(.text)
    icmp_input                               0x00016e95   Thumb Code   494  icmp.o(.text)
    icmp_dest_unreach                        0x0001710d   Thumb Code    18  icmp.o(.text)
    inet_chksum_pseudo                       0x000172a3   Thumb Code   162  inet_chksum.o(.text)
    inet_chksum_pseudo_partial               0x00017345   Thumb Code   212  inet_chksum.o(.text)
    inet_chksum                              0x00017419   Thumb Code    20  inet_chksum.o(.text)
    inet_chksum_pbuf                         0x0001742d   Thumb Code    86  inet_chksum.o(.text)
    ip_route                                 0x00017495   Thumb Code    76  ip.o(.text)
    ip_input                                 0x000174e1   Thumb Code   390  ip.o(.text)
    ip_output_if                             0x00017667   Thumb Code   284  ip.o(.text)
    ip_output                                0x00017783   Thumb Code    82  ip.o(.text)
    ip4_addr_isbroadcast                     0x00017831   Thumb Code    78  ip_addr.o(.text)
    ip4_addr_netmask_valid                   0x0001787f   Thumb Code    56  ip_addr.o(.text)
    ipaddr_aton                              0x000178b7   Thumb Code   366  ip_addr.o(.text)
    ipaddr_addr                              0x00017a25   Thumb Code    24  ip_addr.o(.text)
    ipaddr_ntoa_r                            0x00017a3d   Thumb Code   168  ip_addr.o(.text)
    ipaddr_ntoa                              0x00017ae5   Thumb Code    16  ip_addr.o(.text)
    etharp_tmr                               0x00017bad   Thumb Code   138  etharp.o(.text)
    etharp_cleanup_netif                     0x00018059   Thumb Code    52  etharp.o(.text)
    etharp_find_addr                         0x0001808d   Thumb Code   106  etharp.o(.text)
    etharp_request                           0x00018329   Thumb Code    36  etharp.o(.text)
    etharp_query                             0x000183d9   Thumb Code   676  etharp.o(.text)
    etharp_output                            0x0001867d   Thumb Code   384  etharp.o(.text)
    ethernet_input                           0x000187fd   Thumb Code   336  etharp.o(.text)
    eth_device_init_with_flag                0x000189d3   Thumb Code   178  ethernetif.o(.text)
    eth_device_init                          0x00018a85   Thumb Code    20  ethernetif.o(.text)
    eth_device_ready                         0x00018a99   Thumb Code    22  ethernetif.o(.text)
    eth_device_linkchange                    0x00018aaf   Thumb Code    82  ethernetif.o(.text)
    eth_system_device_init                   0x00018c1b   Thumb Code   654  ethernetif.o(.text)
    set_if                                   0x00018ea9   Thumb Code   140  ethernetif.o(.text)
    set_dns                                  0x00018f35   Thumb Code    26  ethernetif.o(.text)
    list_if                                  0x00018f4f   Thumb Code   318  ethernetif.o(.text)
    list_tcps                                0x0001908d   Thumb Code   254  ethernetif.o(.text)
    atoi                                     0x00019359   Thumb Code    26  atoi.o(.text)
    memcmp                                   0x00019373   Thumb Code    88  memcmp.o(.text)
    strcpy                                   0x000193cb   Thumb Code    72  strcpy.o(.text)
    strlen                                   0x00019413   Thumb Code    62  strlen.o(.text)
    strncmp                                  0x00019451   Thumb Code   150  strncmp.o(.text)
    __aeabi_memcpy                           0x000194e7   Thumb Code     0  rt_memcpy_v6.o(.text)
    __rt_memcpy                              0x000194e7   Thumb Code   138  rt_memcpy_v6.o(.text)
    _memcpy_lastbytes                        0x0001954d   Thumb Code     0  rt_memcpy_v6.o(.text)
    __aeabi_memcpy4                          0x00019571   Thumb Code     0  rt_memcpy_w.o(.text)
    __aeabi_memcpy8                          0x00019571   Thumb Code     0  rt_memcpy_w.o(.text)
    __rt_memcpy_w                            0x00019571   Thumb Code   100  rt_memcpy_w.o(.text)
    _memcpy_lastbytes_aligned                0x000195b9   Thumb Code     0  rt_memcpy_w.o(.text)
    __aeabi_memclr                           0x000195d5   Thumb Code     0  rt_memclr.o(.text)
    __rt_memclr                              0x000195d5   Thumb Code    68  rt_memclr.o(.text)
    _memset                                  0x000195d9   Thumb Code     0  rt_memclr.o(.text)
    __aeabi_memclr4                          0x00019619   Thumb Code     0  rt_memclr_w.o(.text)
    __aeabi_memclr8                          0x00019619   Thumb Code     0  rt_memclr_w.o(.text)
    __rt_memclr_w                            0x00019619   Thumb Code    78  rt_memclr_w.o(.text)
    _memset_w                                0x0001961d   Thumb Code     0  rt_memclr_w.o(.text)
    strncpy                                  0x00019667   Thumb Code    86  strncpy.o(.text)
    strcmp                                   0x000196bd   Thumb Code   128  strcmpv7m.o(.text)
    strtol                                   0x0001973d   Thumb Code   112  strtol.o(.text)
    __user_libspace                          0x000197ad   Thumb Code     8  libspace.o(.text)
    __user_perproc_libspace                  0x000197ad   Thumb Code     0  libspace.o(.text)
    __user_perthread_libspace                0x000197ad   Thumb Code     0  libspace.o(.text)
    __rt_ctype_table                         0x000197b5   Thumb Code    16  rt_ctype_table.o(.text)
    _strtoul                                 0x000197c5   Thumb Code   158  _strtoul.o(.text)
    __user_setup_stackheap                   0x00019863   Thumb Code    74  sys_stackheap_outer.o(.text)
    __rt_locale                              0x000198ad   Thumb Code     8  rt_locale_intlibspace.o(.text)
    _chval                                   0x000198b5   Thumb Code    28  _chval.o(.text)
    exit                                     0x000198d1   Thumb Code    12  exit.o(.text)
    _sys_exit                                0x000198dd   Thumb Code     8  sys_exit.o(.text)
    _get_lc_ctype                            0x000198e9   Thumb Code    44  lc_ctype_c.o(locale$$code)
    __lowest_bit_bitmap                      0x00019be1   Data         256  kservice.o(.constdata)
    __fsym_list_mem_name                     0x00019d03   Data           9  mem.o(.constdata)
    __fsym_list_mem_desc                     0x00019d0c   Data          30  mem.o(.constdata)
    __fsym_hello_name                        0x00019fec   Data           6  cmd.o(.constdata)
    __fsym_hello_desc                        0x00019ff2   Data          16  cmd.o(.constdata)
    __fsym_version_name                      0x0001a002   Data           8  cmd.o(.constdata)
    __fsym_version_desc                      0x0001a00a   Data          35  cmd.o(.constdata)
    __fsym_list_thread_name                  0x0001a02d   Data          12  cmd.o(.constdata)
    __fsym_list_thread_desc                  0x0001a039   Data          12  cmd.o(.constdata)
    __fsym_list_sem_name                     0x0001a045   Data           9  cmd.o(.constdata)
    __fsym_list_sem_desc                     0x0001a04e   Data          25  cmd.o(.constdata)
    __fsym_list_event_name                   0x0001a067   Data          11  cmd.o(.constdata)
    __fsym_list_event_desc                   0x0001a072   Data          21  cmd.o(.constdata)
    __fsym_list_mutex_name                   0x0001a087   Data          11  cmd.o(.constdata)
    __fsym_list_mutex_desc                   0x0001a092   Data          21  cmd.o(.constdata)
    __fsym_list_mailbox_name                 0x0001a0a7   Data          13  cmd.o(.constdata)
    __fsym_list_mailbox_desc                 0x0001a0b4   Data          24  cmd.o(.constdata)
    __fsym_list_msgqueue_name                0x0001a0cc   Data          14  cmd.o(.constdata)
    __fsym_list_msgqueue_desc                0x0001a0da   Data          29  cmd.o(.constdata)
    __fsym_list_memheap_name                 0x0001a0f7   Data          13  cmd.o(.constdata)
    __fsym_list_memheap_desc                 0x0001a104   Data          27  cmd.o(.constdata)
    __fsym_list_mempool_name                 0x0001a11f   Data          13  cmd.o(.constdata)
    __fsym_list_mempool_desc                 0x0001a12c   Data          27  cmd.o(.constdata)
    __fsym_list_timer_name                   0x0001a147   Data          11  cmd.o(.constdata)
    __fsym_list_timer_desc                   0x0001a152   Data          21  cmd.o(.constdata)
    __fsym_list_device_name                  0x0001a167   Data          12  cmd.o(.constdata)
    __fsym_list_device_desc                  0x0001a173   Data          22  cmd.o(.constdata)
    __fsym_list_name                         0x0001a189   Data           5  cmd.o(.constdata)
    __fsym_list_desc                         0x0001a18e   Data          26  cmd.o(.constdata)
    __vsym_dummy_name                        0x0001a1a8   Data           6  cmd.o(.constdata)
    __vsym_dummy_desc                        0x0001a1ae   Data          25  cmd.o(.constdata)
    op_table                                 0x0001a214   Data         196  finsh_ops.o(.constdata)
    tcp_state_str                            0x0001a444   Data          44  tcp.o(.constdata)
    tcp_backoff                              0x0001a470   Data          13  tcp.o(.constdata)
    tcp_persist_backoff                      0x0001a47d   Data           7  tcp.o(.constdata)
    tcp_pcb_lists                            0x0001a484   Data          16  tcp.o(.constdata)
    ip_addr_any                              0x0001a494   Data           4  ip_addr.o(.constdata)
    ip_addr_broadcast                        0x0001a498   Data           4  ip_addr.o(.constdata)
    ethbroadcast                             0x0001a49c   Data           6  etharp.o(.constdata)
    ethzero                                  0x0001a4a2   Data           6  etharp.o(.constdata)
    __fsym_set_if_name                       0x0001a4a8   Data           7  ethernetif.o(.constdata)
    __fsym_set_if_desc                       0x0001a4af   Data          30  ethernetif.o(.constdata)
    __fsym_set_dns_name                      0x0001a4cd   Data           8  ethernetif.o(.constdata)
    __fsym_set_dns_desc                      0x0001a4d5   Data          23  ethernetif.o(.constdata)
    __fsym_list_if_name                      0x0001a4ec   Data           8  ethernetif.o(.constdata)
    __fsym_list_if_desc                      0x0001a4f4   Data          35  ethernetif.o(.constdata)
    __fsym_list_tcps_name                    0x0001a517   Data          10  ethernetif.o(.constdata)
    __fsym_list_tcps_desc                    0x0001a521   Data          28  ethernetif.o(.constdata)
    FSymTab$$Base                            0x0001b15c   Number         0  mem.o(FSymTab)
    __fsym_list_mem                          0x0001b15c   Data          12  mem.o(FSymTab)
    __fsym_hello                             0x0001b168   Data          12  cmd.o(FSymTab)
    __fsym_version                           0x0001b174   Data          12  cmd.o(FSymTab)
    __fsym_list_thread                       0x0001b180   Data          12  cmd.o(FSymTab)
    __fsym_list_sem                          0x0001b18c   Data          12  cmd.o(FSymTab)
    __fsym_list_event                        0x0001b198   Data          12  cmd.o(FSymTab)
    __fsym_list_mutex                        0x0001b1a4   Data          12  cmd.o(FSymTab)
    __fsym_list_mailbox                      0x0001b1b0   Data          12  cmd.o(FSymTab)
    __fsym_list_msgqueue                     0x0001b1bc   Data          12  cmd.o(FSymTab)
    __fsym_list_memheap                      0x0001b1c8   Data          12  cmd.o(FSymTab)
    __fsym_list_mempool                      0x0001b1d4   Data          12  cmd.o(FSymTab)
    __fsym_list_timer                        0x0001b1e0   Data          12  cmd.o(FSymTab)
    __fsym_list_device                       0x0001b1ec   Data          12  cmd.o(FSymTab)
    __fsym_list                              0x0001b1f8   Data          12  cmd.o(FSymTab)
    __fsym_set_if                            0x0001b204   Data          12  ethernetif.o(FSymTab)
    __fsym_set_dns                           0x0001b210   Data          12  ethernetif.o(FSymTab)
    __fsym_list_if                           0x0001b21c   Data          12  ethernetif.o(FSymTab)
    __fsym_list_tcps                         0x0001b228   Data          12  ethernetif.o(FSymTab)
    FSymTab$$Limit                           0x0001b234   Number         0  ethernetif.o(FSymTab)
    Region$$Table$$Base                      0x0001b234   Number         0  anon$$obj.o(Region$$Table)
    Region$$Table$$Limit                     0x0001b254   Number         0  anon$$obj.o(Region$$Table)
    VSymTab$$Base                            0x0001b254   Number         0  cmd.o(VSymTab)
    __vsym_dummy                             0x0001b254   Data          16  cmd.o(VSymTab)
    VSymTab$$Limit                           0x0001b264   Number         0  cmd.o(VSymTab)
    __ctype                                  0x0001b271   Data           0  lc_ctype_c.o(locale$$data)
    SystemCoreClock                          0x10000000   Data           4  system_lpc17xx.o(.data)
    rt_interrupt_nest                        0x1000000c   Data           1  irq.o(.data)
    rt_object_container                      0x10000038   Data         160  object.o(.data)
    rt_object_trytake_hook                   0x100000e0   Data           4  object.o(.data)
    rt_object_take_hook                      0x100000e4   Data           4  object.o(.data)
    rt_object_put_hook                       0x100000e8   Data           4  object.o(.data)
    rt_current_thread                        0x100000f0   Data           4  scheduler.o(.data)
    rt_current_priority                      0x100000f4   Data           1  scheduler.o(.data)
    rt_thread_ready_priority_group           0x100000f8   Data           4  scheduler.o(.data)
    rt_thread_defunct                        0x100000fc   Data           8  scheduler.o(.data)
    rt_interrupt_from_thread                 0x10000118   Data           4  cpuport.o(.data)
    rt_interrupt_to_thread                   0x1000011c   Data           4  cpuport.o(.data)
    rt_thread_switch_interrupt_flag          0x10000120   Data           4  cpuport.o(.data)
    shell                                    0x10000128   Data           4  shell.o(.data)
    _syscall_table_begin                     0x1000012c   Data           4  symbol.o(.data)
    _syscall_table_end                       0x10000130   Data           4  symbol.o(.data)
    _sysvar_table_begin                      0x10000134   Data           4  symbol.o(.data)
    _sysvar_table_end                        0x10000138   Data           4  symbol.o(.data)
    finsh_compile_sp                         0x10000140   Data           4  finsh_compiler.o(.data)
    finsh_compile_pc                         0x10000144   Data           4  finsh_compiler.o(.data)
    global_errno                             0x10000148   Data           1  finsh_error.o(.data)
    global_sysvar_list                       0x10000190   Data           4  finsh_var.o(.data)
    finsh_sp                                 0x10000194   Data           4  finsh_vm.o(.data)
    finsh_pc                                 0x10000198   Data           4  finsh_vm.o(.data)
    global_syscall_list                      0x1000019c   Data           4  finsh_vm.o(.data)
    netif_list                               0x100001d0   Data           4  netif.o(.data)
    netif_default                            0x100001d4   Data           4  netif.o(.data)
    pbuf_free_ooseq_pending                  0x100001d9   Data           1  pbuf.o(.data)
    tcp_ticks                                0x100001e4   Data           4  tcp.o(.data)
    tcp_bound_pcbs                           0x100001e8   Data           4  tcp.o(.data)
    tcp_listen_pcbs                          0x100001ec   Data           4  tcp.o(.data)
    tcp_active_pcbs                          0x100001f0   Data           4  tcp.o(.data)
    tcp_tw_pcbs                              0x100001f4   Data           4  tcp.o(.data)
    tcp_tmp_pcb                              0x100001f8   Data           4  tcp.o(.data)
    tcp_active_pcbs_changed                  0x100001fc   Data           1  tcp.o(.data)
    tcp_input_pcb                            0x10000220   Data           4  tcp_in.o(.data)
    udp_pcbs                                 0x10000230   Data           4  udp.o(.data)
    current_netif                            0x10000234   Data           4  ip.o(.data)
    current_header                           0x10000238   Data           4  ip.o(.data)
    current_iphdr_src                        0x1000023c   Data           4  ip.o(.data)
    current_iphdr_dest                       0x10000240   Data           4  ip.o(.data)
    uart_device                              0x1000034c   Data         128  uart.o(.bss)
    rt_thread_priority_table                 0x100005e0   Data         256  scheduler.o(.bss)
    finsh_heap                               0x10001758   Data         128  finsh_heap.o(.bss)
    global_node_table                        0x100017d8   Data         320  finsh_node.o(.bss)
    global_variable                          0x10001918   Data         192  finsh_var.o(.bss)
    finsh_vm_stack                           0x100019d8   Data         256  finsh_vm.o(.bss)
    text_segment                             0x10001ad8   Data         128  finsh_vm.o(.bss)
    __libspace_start                         0x10004b94   Data          96  libspace.o(.bss)
    __temporary_stack_top$libspace           0x10004bf4   Data           0  libspace.o(.bss)
    Image$$RW_IRAM1$$ZI$$Limit               0x10004df8   Number         0  anon$$obj.o ABSOLUTE



==============================================================================

Memory Map of the image

  Image Entry point : 0x000000c5

  Load Region LR_IROM1 (Base: 0x00000000, Size: 0x0001b5bc, Max: 0x00080000, ABSOLUTE, COMPRESSED[0x0001b410])

    Execution Region ER_IROM1 (Base: 0x00000000, Size: 0x0001b374, Max: 0x00080000, ABSOLUTE)

    Base Addr    Size         Type   Attr      Idx    E Section Name        Object

    0x00000000   0x000000c4   Data   RO          184    RESET               startup_lpc17xx.o
    0x000000c4   0x00000008   Code   RO         1617  * !!!main             c_w.l(__main.o)
    0x000000cc   0x00000034   Code   RO         1796    !!!scatter          c_w.l(__scatter.o)
    0x00000100   0x0000005a   Code   RO         1794    !!dczerorl2         c_w.l(__dczerorl2.o)
    0x0000015a   0x00000002   PAD
    0x0000015c   0x0000001c   Code   RO         1798    !!handler_zi        c_w.l(__scatter_zi.o)
    0x00000178   0x00000002   Code   RO         1668    .ARM.Collect$$libinit$$00000000  c_w.l(libinit.o)
    0x0000017a   0x00000000   Code   RO         1672    .ARM.Collect$$libinit$$00000002  c_w.l(libinit2.o)
    0x0000017a   0x00000000   Code   RO         1674    .ARM.Collect$$libinit$$00000004  c_w.l(libinit2.o)
    0x0000017a   0x00000000   Code   RO         1677    .ARM.Collect$$libinit$$0000000A  c_w.l(libinit2.o)
    0x0000017a   0x00000000   Code   RO         1679    .ARM.Collect$$libinit$$0000000C  c_w.l(libinit2.o)
    0x0000017a   0x00000000   Code   RO         1681    .ARM.Collect$$libinit$$0000000E  c_w.l(libinit2.o)
    0x0000017a   0x00000006   Code   RO         1682    .ARM.Collect$$libinit$$0000000F  c_w.l(libinit2.o)
    0x00000180   0x00000000   Code   RO         1684    .ARM.Collect$$libinit$$00000011  c_w.l(libinit2.o)
    0x00000180   0x0000000c   Code   RO         1685    .ARM.Collect$$libinit$$00000012  c_w.l(libinit2.o)
    0x0000018c   0x00000000   Code   RO         1686    .ARM.Collect$$libinit$$00000013  c_w.l(libinit2.o)
    0x0000018c   0x00000000   Code   RO         1688    .ARM.Collect$$libinit$$00000015  c_w.l(libinit2.o)
    0x0000018c   0x00000000   Code   RO         1690    .ARM.Collect$$libinit$$00000017  c_w.l(libinit2.o)
    0x0000018c   0x00000000   Code   RO         1692    .ARM.Collect$$libinit$$00000019  c_w.l(libinit2.o)
    0x0000018c   0x00000000   Code   RO         1694    .ARM.Collect$$libinit$$0000001B  c_w.l(libinit2.o)
    0x0000018c   0x00000000   Code   RO         1696    .ARM.Collect$$libinit$$0000001D  c_w.l(libinit2.o)
    0x0000018c   0x00000000   Code   RO         1698    .ARM.Collect$$libinit$$0000001F  c_w.l(libinit2.o)
    0x0000018c   0x00000000   Code   RO         1700    .ARM.Collect$$libinit$$00000021  c_w.l(libinit2.o)
    0x0000018c   0x00000000   Code   RO         1702    .ARM.Collect$$libinit$$00000023  c_w.l(libinit2.o)
    0x0000018c   0x00000000   Code   RO         1704    .ARM.Collect$$libinit$$00000025  c_w.l(libinit2.o)
    0x0000018c   0x00000000   Code   RO         1708    .ARM.Collect$$libinit$$0000002C  c_w.l(libinit2.o)
    0x0000018c   0x00000000   Code   RO         1710    .ARM.Collect$$libinit$$0000002E  c_w.l(libinit2.o)
    0x0000018c   0x00000000   Code   RO         1712    .ARM.Collect$$libinit$$00000030  c_w.l(libinit2.o)
    0x0000018c   0x00000000   Code   RO         1714    .ARM.Collect$$libinit$$00000032  c_w.l(libinit2.o)
    0x0000018c   0x00000002   Code   RO         1715    .ARM.Collect$$libinit$$00000033  c_w.l(libinit2.o)
    0x0000018e   0x00000002   Code   RO         1735    .ARM.Collect$$libshutdown$$00000000  c_w.l(libshutdown.o)
    0x00000190   0x00000000   Code   RO         1749    .ARM.Collect$$libshutdown$$00000003  c_w.l(libshutdown2.o)
    0x00000190   0x00000000   Code   RO         1752    .ARM.Collect$$libshutdown$$00000006  c_w.l(libshutdown2.o)
    0x00000190   0x00000000   Code   RO         1755    .ARM.Collect$$libshutdown$$00000009  c_w.l(libshutdown2.o)
    0x00000190   0x00000000   Code   RO         1757    .ARM.Collect$$libshutdown$$0000000B  c_w.l(libshutdown2.o)
    0x00000190   0x00000000   Code   RO         1760    .ARM.Collect$$libshutdown$$0000000E  c_w.l(libshutdown2.o)
    0x00000190   0x00000002   Code   RO         1761    .ARM.Collect$$libshutdown$$0000000F  c_w.l(libshutdown2.o)
    0x00000192   0x00000000   Code   RO         1619    .ARM.Collect$$rtentry$$00000000  c_w.l(__rtentry.o)
    0x00000192   0x00000000   Code   RO         1631    .ARM.Collect$$rtentry$$00000002  c_w.l(__rtentry2.o)
    0x00000192   0x00000006   Code   RO         1643    .ARM.Collect$$rtentry$$00000004  c_w.l(__rtentry4.o)
    0x00000198   0x00000000   Code   RO         1633    .ARM.Collect$$rtentry$$00000009  c_w.l(__rtentry2.o)
    0x00000198   0x00000004   Code   RO         1634    .ARM.Collect$$rtentry$$0000000A  c_w.l(__rtentry2.o)
    0x0000019c   0x00000000   Code   RO         1636    .ARM.Collect$$rtentry$$0000000C  c_w.l(__rtentry2.o)
    0x0000019c   0x00000008   Code   RO         1637    .ARM.Collect$$rtentry$$0000000D  c_w.l(__rtentry2.o)
    0x000001a4   0x00000002   Code   RO         1669    .ARM.Collect$$rtexit$$00000000  c_w.l(rtexit.o)
    0x000001a6   0x00000000   Code   RO         1717    .ARM.Collect$$rtexit$$00000002  c_w.l(rtexit2.o)
    0x000001a6   0x00000004   Code   RO         1718    .ARM.Collect$$rtexit$$00000003  c_w.l(rtexit2.o)
    0x000001aa   0x00000006   Code   RO         1719    .ARM.Collect$$rtexit$$00000004  c_w.l(rtexit2.o)
    0x000001b0   0x00000068   Code   RO            3    .text               application.o
    0x00000218   0x00000024   Code   RO          126    .text               platform.o
    0x0000023c   0x00000044   Code   RO          140    .text               startup.o
    0x00000280   0x0000003c   Code   RO          186    .text               startup_lpc17xx.o
    0x000002bc   0x0000002c   Code   RO          722    .text               finsh_error.o
    0x000002e8   0x00000006   Code   RO         1615    .text               c_w.l(heapauxi.o)
    0x000002ee   0x00000002   PAD
    0x000002f0   0x00000008   Code   RO         1623    .text               c_w.l(rt_errno_addr_intlibspace.o)
    0x000002f8   0x00000002   Code   RO         1738    .text               c_w.l(use_no_semi.o)
    0x000002fa   0x00000000   Code   RO         1740    .text               c_w.l(indicate_semi.o)
    0x000002fa   0x00000002   PAD
    0x000002fc   0x00000004   Code   RO          185    .ARM.__at_0x02FC    startup_lpc17xx.o
    0x00000300   0x00000274   Code   RO          158    .text               system_lpc17xx.o
    0x00000574   0x000000a0   Code   RO          194    .text               board.o
    0x00000614   0x00000800   Code   RO          221    .text               emac.o
    0x00000e14   0x00000364   Code   RO          319    .text               uart.o
    0x00001178   0x00000064   Code   RO          354    .text               clock.o
    0x000011dc   0x000003f0   Code   RO          368    .text               device.o
    0x000015cc   0x00000164   Code   RO          382    .text               idle.o
    0x00001730   0x00001af8   Code   RO          402    .text               ipc.o
    0x00003228   0x00000048   Code   RO          419    .text               irq.o
    0x00003270   0x000009d0   Code   RO          434    .text               kservice.o
    0x00003c40   0x000009b4   Code   RO          451    .text               mem.o
    0x000045f4   0x00000698   Code   RO          470    .text               memheap.o
    0x00004c8c   0x00000360   Code   RO          501    .text               object.o
    0x00004fec   0x00000334   Code   RO          520    .text               scheduler.o
    0x00005320   0x000006b4   Code   RO          541    .text               thread.o
    0x000059d4   0x00000510   Code   RO          558    .text               timer.o
    0x00005ee4   0x00000604   Code   RO          577    .text               cpuport.o
    0x000064e8   0x000000f0   Code   RO          593    .text               context_rvds.o
    0x000065d8   0x00000a08   Code   RO          631    .text               shell.o
    0x00006fe0   0x00000c88   Code   RO          662    .text               cmd.o
    0x00007c68   0x00001818   Code   RO          685    .text               finsh_compiler.o
    0x00009480   0x00000210   Code   RO          738    .text               finsh_heap.o
    0x00009690   0x00000058   Code   RO          754    .text               finsh_init.o
    0x000096e8   0x00000184   Code   RO          772    .text               finsh_node.o
    0x0000986c   0x00000ad8   Code   RO          787    .text               finsh_ops.o
    0x0000a344   0x0000097c   Code   RO          805    .text               finsh_parser.o
    0x0000acc0   0x0000019c   Code   RO          820    .text               finsh_var.o
    0x0000ae5c   0x000000e4   Code   RO          843    .text               finsh_vm.o
    0x0000af40   0x00000658   Code   RO          870    .text               finsh_token.o
    0x0000b598   0x00000c74   Code   RO          885    .text               api_lib.o
    0x0000c20c   0x00001824   Code   RO          964    .text               api_msg.o
    0x0000da30   0x00000374   Code   RO          989    .text               netbuf.o
    0x0000dda4   0x000000f8   Code   RO         1041    .text               netifapi.o
    0x0000de9c   0x00001c38   Code   RO         1062    .text               sockets.o
    0x0000fad4   0x000003a4   Code   RO         1079    .text               tcpip.o
    0x0000fe78   0x0000085c   Code   RO         1113    .text               sys_arch.o
    0x000106d4   0x0000003e   Code   RO         1145    .text               def.o
    0x00010712   0x00000002   PAD
    0x00010714   0x0000071c   Code   RO         1163    .text               dns.o
    0x00010e30   0x00000024   Code   RO         1183    .text               init.o
    0x00010e54   0x0000017c   Code   RO         1217    .text               memp.o
    0x00010fd0   0x000002a8   Code   RO         1248    .text               netif.o
    0x00011278   0x00000f68   Code   RO         1274    .text               pbuf.o
    0x000121e0   0x000001ec   Code   RO         1302    .text               raw.o
    0x000123cc   0x0000144c   Code   RO         1335    .text               tcp.o
    0x00013818   0x00001ca4   Code   RO         1359    .text               tcp_in.o
    0x000154bc   0x000011f8   Code   RO         1386    .text               tcp_out.o
    0x000166b4   0x00000284   Code   RO         1399    .text               timers.o
    0x00016938   0x0000055c   Code   RO         1414    .text               udp.o
    0x00016e94   0x000003b0   Code   RO         1439    .text               icmp.o
    0x00017244   0x00000250   Code   RO         1464    .text               inet_chksum.o
    0x00017494   0x0000039c   Code   RO         1477    .text               ip.o
    0x00017830   0x000002d8   Code   RO         1496    .text               ip_addr.o
    0x00017b08   0x00000e44   Code   RO         1526    .text               etharp.o
    0x0001894c   0x00000a0c   Code   RO         1547    .text               ethernetif.o
    0x00019358   0x0000001a   Code   RO         1593    .text               c_w.l(atoi.o)
    0x00019372   0x00000058   Code   RO         1595    .text               c_w.l(memcmp.o)
    0x000193ca   0x00000048   Code   RO         1597    .text               c_w.l(strcpy.o)
    0x00019412   0x0000003e   Code   RO         1599    .text               c_w.l(strlen.o)
    0x00019450   0x00000096   Code   RO         1601    .text               c_w.l(strncmp.o)
    0x000194e6   0x0000008a   Code   RO         1603    .text               c_w.l(rt_memcpy_v6.o)
    0x00019570   0x00000064   Code   RO         1605    .text               c_w.l(rt_memcpy_w.o)
    0x000195d4   0x00000044   Code   RO         1607    .text               c_w.l(rt_memclr.o)
    0x00019618   0x0000004e   Code   RO         1609    .text               c_w.l(rt_memclr_w.o)
    0x00019666   0x00000056   Code   RO         1611    .text               c_w.l(strncpy.o)
    0x000196bc   0x00000080   Code   RO         1613    .text               c_w.l(strcmpv7m.o)
    0x0001973c   0x00000070   Code   RO         1625    .text               c_w.l(strtol.o)
    0x000197ac   0x00000008   Code   RO         1627    .text               c_w.l(libspace.o)
    0x000197b4   0x00000010   Code   RO         1645    .text               c_w.l(rt_ctype_table.o)
    0x000197c4   0x0000009e   Code   RO         1647    .text               c_w.l(_strtoul.o)
    0x00019862   0x0000004a   Code   RO         1649    .text               c_w.l(sys_stackheap_outer.o)
    0x000198ac   0x00000008   Code   RO         1654    .text               c_w.l(rt_locale_intlibspace.o)
    0x000198b4   0x0000001c   Code   RO         1656    .text               c_w.l(_chval.o)
    0x000198d0   0x0000000c   Code   RO         1661    .text               c_w.l(exit.o)
    0x000198dc   0x0000000c   Code   RO         1727    .text               c_w.l(sys_exit.o)
    0x000198e8   0x0000002c   Code   RO         1659    locale$$code        c_w.l(lc_ctype_c.o)
    0x00019914   0x00000010   Data   RO          223    .constdata          emac.o
    0x00019924   0x00000028   Data   RO          321    .constdata          uart.o
    0x0001994c   0x000000a8   Data   RO          369    .constdata          device.o
    0x000199f4   0x00000016   Data   RO          384    .constdata          idle.o
    0x00019a0a   0x000001d7   Data   RO          403    .constdata          ipc.o
    0x00019be1   0x00000122   Data   RO          436    .constdata          kservice.o
    0x00019d03   0x0000006d   Data   RO          453    .constdata          mem.o
    0x00019d70   0x00000056   Data   RO          471    .constdata          memheap.o
    0x00019dc6   0x0000005e   Data   RO          502    .constdata          object.o
    0x00019e24   0x0000004e   Data   RO          522    .constdata          scheduler.o
    0x00019e72   0x000000aa   Data   RO          542    .constdata          thread.o
    0x00019f1c   0x0000005c   Data   RO          559    .constdata          timer.o
    0x00019f78   0x00000013   Data   RO          578    .constdata          cpuport.o
    0x00019f8b   0x00000060   Data   RO          633    .constdata          shell.o
    0x00019feb   0x00000001   PAD
    0x00019fec   0x00000228   Data   RO          663    .constdata          cmd.o
    0x0001a214   0x000000c4   Data   RO          788    .constdata          finsh_ops.o
    0x0001a2d8   0x00000040   Data   RO          871    .constdata          finsh_token.o
    0x0001a318   0x00000040   Data   RO         1064    .constdata          sockets.o
    0x0001a358   0x000000b3   Data   RO         1114    .constdata          sys_arch.o
    0x0001a40b   0x00000001   PAD
    0x0001a40c   0x00000038   Data   RO         1219    .constdata          memp.o
    0x0001a444   0x00000050   Data   RO         1336    .constdata          tcp.o
    0x0001a494   0x00000008   Data   RO         1498    .constdata          ip_addr.o
    0x0001a49c   0x0000000c   Data   RO         1528    .constdata          etharp.o
    0x0001a4a8   0x000000ec   Data   RO         1549    .constdata          ethernetif.o
    0x0001a594   0x000000ed   Data   RO          454    .conststring        mem.o
    0x0001a681   0x00000003   PAD
    0x0001a684   0x0000019d   Data   RO          664    .conststring        cmd.o
    0x0001a821   0x00000003   PAD
    0x0001a824   0x000000f3   Data   RO          723    .conststring        finsh_error.o
    0x0001a917   0x00000001   PAD
    0x0001a918   0x0000003e   Data   RO          872    .conststring        finsh_token.o
    0x0001a956   0x00000002   PAD
    0x0001a958   0x0000004f   Data   RO          886    .conststring        api_lib.o
    0x0001a9a7   0x00000001   PAD
    0x0001a9a8   0x0000004f   Data   RO          965    .conststring        api_msg.o
    0x0001a9f7   0x00000001   PAD
    0x0001a9f8   0x0000004e   Data   RO          990    .conststring        netbuf.o
    0x0001aa46   0x00000002   PAD
    0x0001aa48   0x0000004f   Data   RO         1065    .conststring        sockets.o
    0x0001aa97   0x00000001   PAD
    0x0001aa98   0x0000004d   Data   RO         1080    .conststring        tcpip.o
    0x0001aae5   0x00000003   PAD
    0x0001aae8   0x00000051   Data   RO         1115    .conststring        sys_arch.o
    0x0001ab39   0x00000003   PAD
    0x0001ab3c   0x0000004c   Data   RO         1165    .conststring        dns.o
    0x0001ab88   0x0000004d   Data   RO         1220    .conststring        memp.o
    0x0001abd5   0x00000003   PAD
    0x0001abd8   0x0000004e   Data   RO         1249    .conststring        netif.o
    0x0001ac26   0x00000002   PAD
    0x0001ac28   0x0000004d   Data   RO         1275    .conststring        pbuf.o
    0x0001ac75   0x00000003   PAD
    0x0001ac78   0x0000004c   Data   RO         1303    .conststring        raw.o
    0x0001acc4   0x000000c4   Data   RO         1337    .conststring        tcp.o
    0x0001ad88   0x0000004f   Data   RO         1361    .conststring        tcp_in.o
    0x0001add7   0x00000001   PAD
    0x0001add8   0x000000a8   Data   RO         1387    .conststring        tcp_out.o
    0x0001ae80   0x0000004f   Data   RO         1400    .conststring        timers.o
    0x0001aecf   0x00000001   PAD
    0x0001aed0   0x0000004c   Data   RO         1415    .conststring        udp.o
    0x0001af1c   0x00000052   Data   RO         1440    .conststring        icmp.o
    0x0001af6e   0x00000002   PAD
    0x0001af70   0x00000059   Data   RO         1465    .conststring        inet_chksum.o
    0x0001afc9   0x00000003   PAD
    0x0001afcc   0x00000050   Data   RO         1478    .conststring        ip.o
    0x0001b01c   0x00000055   Data   RO         1499    .conststring        ip_addr.o
    0x0001b071   0x00000003   PAD
    0x0001b074   0x00000094   Data   RO         1529    .conststring        etharp.o
    0x0001b108   0x00000054   Data   RO         1550    .conststring        ethernetif.o
    0x0001b15c   0x0000000c   Data   RO          456    FSymTab             mem.o
    0x0001b168   0x0000009c   Data   RO          666    FSymTab             cmd.o
    0x0001b204   0x00000030   Data   RO         1551    FSymTab             ethernetif.o
    0x0001b234   0x00000020   Data   RO         1792    Region$$Table       anon$$obj.o
    0x0001b254   0x00000010   Data   RO          667    VSymTab             cmd.o
    0x0001b264   0x00000110   Data   RO         1658    locale$$data        c_w.l(lc_ctype_c.o)


    Execution Region RW_IRAM1 (Base: 0x10000000, Size: 0x00004df8, Max: 0x00008000, ABSOLUTE, COMPRESSED[0x0000009c])

    Base Addr    Size         Type   Attr      Idx    E Section Name        Object

    0x10000000   0x00000004   Data   RW          159    .data               system_lpc17xx.o
    0x10000004   0x00000004   Data   RW          355    .data               clock.o
    0x10000008   0x00000004   Data   RW          385    .data               idle.o
    0x1000000c   0x00000001   Data   RW          420    .data               irq.o
    0x1000000d   0x00000003   PAD
    0x10000010   0x00000008   Data   RW          437    .data               kservice.o
    0x10000018   0x00000020   Data   RW          455    .data               mem.o
    0x10000038   0x000000b4   Data   RW          503    .data               object.o
    0x100000ec   0x0000001c   Data   RW          523    .data               scheduler.o
    0x10000108   0x00000010   Data   RW          560    .data               timer.o
    0x10000118   0x00000010   Data   RW          579    .data               cpuport.o
    0x10000128   0x00000004   Data   RW          634    .data               shell.o
    0x1000012c   0x00000010   Data   RW          649    .data               symbol.o
    0x1000013c   0x00000004   Data   RW          665    .data               cmd.o
    0x10000140   0x00000008   Data   RW          686    .data               finsh_compiler.o
    0x10000148   0x00000040   Data   RW          724    .data               finsh_error.o
    0x10000188   0x00000008   Data   RW          740    .data               finsh_heap.o
    0x10000190   0x00000004   Data   RW          822    .data               finsh_var.o
    0x10000194   0x0000000c   Data   RW          845    .data               finsh_vm.o
    0x100001a0   0x00000008   Data   RW         1066    .data               sockets.o
    0x100001a8   0x0000000c   Data   RW         1081    .data               tcpip.o
    0x100001b4   0x00000006   Data   RW         1116    .data               sys_arch.o
    0x100001ba   0x00000002   PAD
    0x100001bc   0x00000014   Data   RW         1166    .data               dns.o
    0x100001d0   0x00000009   Data   RW         1250    .data               netif.o
    0x100001d9   0x00000001   Data   RW         1276    .data               pbuf.o
    0x100001da   0x00000002   PAD
    0x100001dc   0x00000004   Data   RW         1304    .data               raw.o
    0x100001e0   0x00000024   Data   RW         1338    .data               tcp.o
    0x10000204   0x00000020   Data   RW         1362    .data               tcp_in.o
    0x10000224   0x00000008   Data   RW         1401    .data               timers.o
    0x1000022c   0x00000008   Data   RW         1416    .data               udp.o
    0x10000234   0x00000012   Data   RW         1479    .data               ip.o
    0x10000246   0x00000001   Data   RW         1530    .data               etharp.o
    0x10000247   0x00000001   PAD
    0x10000248   0x0000005c   Zero   RW          127    .bss                platform.o
    0x100002a4   0x000000a8   Zero   RW          222    .bss                emac.o
    0x1000034c   0x00000080   Zero   RW          320    .bss                uart.o
    0x100003cc   0x00000178   Zero   RW          383    .bss                idle.o
    0x10000544   0x00000080   Zero   RW          435    .bss                kservice.o
    0x100005c4   0x0000001c   Zero   RW          452    .bss                mem.o
    0x100005e0   0x00000100   Zero   RW          521    .bss                scheduler.o
    0x100006e0   0x00001078   Zero   RW          632    .bss                shell.o
    0x10001758   0x00000080   Zero   RW          739    .bss                finsh_heap.o
    0x100017d8   0x00000140   Zero   RW          773    .bss                finsh_node.o
    0x10001918   0x000000c0   Zero   RW          821    .bss                finsh_var.o
    0x100019d8   0x00000180   Zero   RW          844    .bss                finsh_vm.o
    0x10001b58   0x00000060   Zero   RW         1063    .bss                sockets.o
    0x10001bb8   0x00000663   Zero   RW         1164    .bss                dns.o
    0x1000221b   0x00000001   PAD
    0x1000221c   0x00002307   Zero   RW         1218    .bss                memp.o
    0x10004523   0x00000001   PAD
    0x10004524   0x00000010   Zero   RW         1360    .bss                tcp_in.o
    0x10004534   0x00000010   Zero   RW         1497    .bss                ip_addr.o
    0x10004544   0x000000c8   Zero   RW         1527    .bss                etharp.o
    0x1000460c   0x00000588   Zero   RW         1548    .bss                ethernetif.o
    0x10004b94   0x00000060   Zero   RW         1628    .bss                c_w.l(libspace.o)
    0x10004bf4   0x00000004   PAD
    0x10004bf8   0x00000000   Zero   RW          183    HEAP                startup_lpc17xx.o
    0x10004bf8   0x00000200   Zero   RW          182    STACK               startup_lpc17xx.o


==============================================================================

Image component sizes


      Code (inc. data)   RO Data    RW Data    ZI Data      Debug   Object Name

      3188        824         79          0          0      29414   api_lib.o
      6180       1196         79          0          0      12044   api_msg.o
       104         32          0          0          0      44490   application.o
       160         20          0          0          0      24746   board.o
       100          6          0          4          0       1400   clock.o
      3208       1372       1137          4          0      11022   cmd.o
       240         24          0          0          0        772   context_rvds.o
      1540        750         19         16          0       3903   cpuport.o
        62          0          0          0          0       1130   def.o
      1008        166        168          0          0       4997   device.o
      1820        222         76         20       1635       7876   dns.o
      2048        438         16          0        168      33025   emac.o
      3652        560        160          1        200      10527   etharp.o
      2572        794        368          0       1416      21169   ethernetif.o
      6168        154          0          8          0      10842   finsh_compiler.o
        44         10        243         64          0       1661   finsh_error.o
       528         18          0          8        128       3399   finsh_heap.o
        88          6          0          0          0       1612   finsh_init.o
       388          4          0          0        320       3296   finsh_node.o
      2776         36        196          0          0       8756   finsh_ops.o
      2428         32          0          0          0       9569   finsh_parser.o
      1624         16        126          0          0       5964   finsh_token.o
       412         18          0          4        192       7289   finsh_var.o
       228         34          0         12        384       6978   finsh_vm.o
       944        294         82          0          0       2539   icmp.o
       356        104         22          4        376       2959   idle.o
       592         18         89          0          0       3133   inet_chksum.o
        36          0          0          0          0      10477   init.o
       924         92         80         18          0       6459   ip.o
       728         26         93          0         16       9691   ip_addr.o
      6904        466        471          0          0      21291   ipc.o
        72          6          0          1          0       1362   irq.o
      2512        168        290          8        128      10812   kservice.o
      2484        592        358         32         28       5851   mem.o
      1688        272         86          0          0       4236   memheap.o
       380        122        133          0       8967       2802   memp.o
       884        266         78          0          0       8145   netbuf.o
         0          0          0          0          0       6008   netdb.o
       680         50         78          9          0       6369   netif.o
       248          0          0          0          0       2641   netifapi.o
       864        180         94        180          0       5824   object.o
      3944       1106         77          1          0       9939   pbuf.o
        36         18          0          0         92        548   platform.o
       492         56         76          4          0       3533   raw.o
       820        180         78         28        256       4781   scheduler.o
      2568        308         96          4       4216       5255   shell.o
      7224        594        143          8         96      17818   sockets.o
        68         10          0          0          0        576   startup.o
        64         26        196          0        512       1032   startup_lpc17xx.o
         0          0          0         16          0       4217   symbol.o
      2140        356        260          6          0      12555   sys_arch.o
       628         30          0          4          0        977   system_lpc17xx.o
      5196       1058        276         36          0      22272   tcp.o
      7332       1002         79         32         16      16519   tcp_in.o
      4600        796        168          0          0       9883   tcp_out.o
       932        112         77         12          0      10995   tcpip.o
      1716        246        170          0          0       7818   thread.o
      1296        138         92         16          0       6871   timer.o
       644         98         79          8          0       3379   timers.o
       868        128         40          0        128      27556   uart.o
      1372        126         76          8          0       7262   udp.o

    ----------------------------------------------------------------------
    102804      15776       6676        584      19276     550266   Object Totals
         0          0         32          0          0          0   (incl. Generated)
         2          0         40          8          2          0   (incl. Padding)

    ----------------------------------------------------------------------

      Code (inc. data)   RO Data    RW Data    ZI Data      Debug   Library Member Name

        90          0          0          0          0          0   __dczerorl2.o
         8          0          0          0          0         68   __main.o
         0          0          0          0          0          0   __rtentry.o
        12          0          0          0          0          0   __rtentry2.o
         6          0          0          0          0          0   __rtentry4.o
        52          8          0          0          0          0   __scatter.o
        28          0          0          0          0          0   __scatter_zi.o
        28          0          0          0          0         68   _chval.o
       158          0          0          0          0         92   _strtoul.o
        26          0          0          0          0         80   atoi.o
        12          0          0          0          0         72   exit.o
         6          0          0          0          0        152   heapauxi.o
         0          0          0          0          0          0   indicate_semi.o
        44         10        272          0          0         76   lc_ctype_c.o
         2          0          0          0          0          0   libinit.o
        20          0          0          0          0          0   libinit2.o
         2          0          0          0          0          0   libshutdown.o
         2          0          0          0          0          0   libshutdown2.o
         8          4          0          0         96         68   libspace.o
        88          0          0          0          0         76   memcmp.o
        16          4          0          0          0         76   rt_ctype_table.o
         8          4          0          0          0         68   rt_errno_addr_intlibspace.o
         8          4          0          0          0         68   rt_locale_intlibspace.o
        68          0          0          0          0         68   rt_memclr.o
        78          0          0          0          0         80   rt_memclr_w.o
       138          0          0          0          0         68   rt_memcpy_v6.o
       100          0          0          0          0         80   rt_memcpy_w.o
         2          0          0          0          0          0   rtexit.o
        10          0          0          0          0          0   rtexit2.o
       128          0          0          0          0         68   strcmpv7m.o
        72          0          0          0          0         80   strcpy.o
        62          0          0          0          0         76   strlen.o
       150          0          0          0          0         80   strncmp.o
        86          0          0          0          0         76   strncpy.o
       112          0          0          0          0         88   strtol.o
        12          4          0          0          0         68   sys_exit.o
        74          0          0          0          0         80   sys_stackheap_outer.o
         2          0          0          0          0         68   use_no_semi.o

    ----------------------------------------------------------------------
      1724         38        272          0        100       1944   Library Totals
         6          0          0          0          4          0   (incl. Padding)

    ----------------------------------------------------------------------

      Code (inc. data)   RO Data    RW Data    ZI Data      Debug   Library Name

      1718         38        272          0         96       1944   c_w.l

    ----------------------------------------------------------------------
      1724         38        272          0        100       1944   Library Totals

    ----------------------------------------------------------------------

==============================================================================


      Code (inc. data)   RO Data    RW Data    ZI Data      Debug   

    104528      15814       6948        584      19376     546330   Grand Totals
    104528      15814       6948        156      19376     546330   ELF Image Totals (compressed)
    104528      15814       6948        156          0          0   ROM Totals

==============================================================================

    Total RO  Size (Code + RO Data)               111476 ( 108.86kB)
    Total RW  Size (RW Data + ZI Data)             19960 (  19.49kB)
    Total ROM Size (Code + RO Data + RW Data)     111632 ( 109.02kB)

==============================================================================

